PS C:\Users\Administrator\Downloads\Assign-1-Materials-1\Assign-1-Materials> txl Q1.txl MakeCgrammar/1abc_input.c
TXL v10.8a (8.6.21) (c) 1988-2021 Queen's University at Kingston
Compiling Q1.txl ... 
Parsing MakeCgrammar/1abc_input.c ...
Transforming ...
int main ()
{
    printf ("Hello World\n");
    return 0;
}
PS C:\Users\Administrator\Downloads\Assign-1-Materials-1\Assign-1-Materials> txl Q1.txl MakeCgrammar/2_input.c    
TXL v10.8a (8.6.21) (c) 1988-2021 Queen's University at Kingston
Compiling Q1.txl ...
Parsing MakeCgrammar/2_input.c ...
Transforming ...
int main ()
{
    int a;
    char b;
    return 0;
}
PS C:\Users\Administrator\Downloads\Assign-1-Materials-1\Assign-1-Materials> txl Q1.txl MakeCgrammar/3_input.c
TXL v10.8a (8.6.21) (c) 1988-2021 Queen's University at Kingston
Compiling Q1.txl ...
Parsing MakeCgrammar/3_input.c ...
Transforming ...
int main ()
{
    int a, b, c;
    return 0;
}
PS C:\Users\Administrator\Downloads\Assign-1-Materials-1\Assign-1-Materials> txl Q1.txl MakeCgrammar/4_input.c
TXL v10.8a (8.6.21) (c) 1988-2021 Queen's University at Kingston
Compiling Q1.txl ...
Parsing MakeCgrammar/4_input.c ...
Transforming ...
int main ()
{
    const float pi = 3.14;
    return 0;
}
PS C:\Users\Administrator\Downloads\Assign-1-Materials-1\Assign-1-Materials> txl Q1.txl MakeCgrammar/5_input.c
TXL v10.8a (8.6.21) (c) 1988-2021 Queen's University at Kingston
Compiling Q1.txl ...
Parsing MakeCgrammar/5_input.c ...
Transforming ...
int main ()
{
    unsigned int a;
    signed int b;
    return 0;
}
PS C:\Users\Administrator\Downloads\Assign-1-Materials-1\Assign-1-Materials> txl Q1.txl MakeCgrammar/6_input.c
TXL v10.8a (8.6.21) (c) 1988-2021 Queen's University at Kingston
Compiling Q1.txl ...
Parsing MakeCgrammar/6_input.c ...
Transforming ...
int main ()
{
    int a;
    char b;
    a = 3;
    b = 'H';
    return 0;
}
PS C:\Users\Administrator\Downloads\Assign-1-Materials-1\Assign-1-Materials> txl Q1.txl MakeCgrammar/7_input.c
TXL v10.8a (8.6.21) (c) 1988-2021 Queen's University at Kingston
Compiling Q1.txl ...
Parsing MakeCgrammar/7_input.c ...
[MakeCgrammar/7_input.c, Q1.txl] : TXL0192E line 5 of MakeCgrammar/7_input.c - Syntax error at or near:
        = 5 ; b = >>> a + <<< 3 ; a = a
PS C:\Users\Administrator\Downloads\Assign-1-Materials-1\Assign-1-Materials> txl Q1.txl MakeCgrammar/8_input.c
TXL v10.8a (8.6.21) (c) 1988-2021 Queen's University at KingstonCompiling Q1.txl ... 
Parsing MakeCgrammar/8_input.c ...
Transforming ...
int main ()
{
    int a;
    scanf ("%d", &a);
    a = a * 2;
    printf ("The answer is %d", a);
    return 0;
}
PS C:\Users\Administrator\Downloads\Assign-1-Materials-1\Assign-1-Materials> txl Q1.txl MakeCgrammar/9_input.c
TXL v10.8a (8.6.21) (c) 1988-2021 Queen's University at Kingston
Compiling Q1.txl ...
Parsing MakeCgrammar/9_input.c ...
Transforming ...
int main ()
{
    int mark;
    char pass;
    scanf ("%d", &mark);
    if (mark > 40)
        pass = 'y';
    return 0;
}
PS C:\Users\Administrator\Downloads\Assign-1-Materials-1\Assign-1-Materials> txl Q1.txl MakeCgrammar/10_input.c
TXL v10.8a (8.6.21) (c) 1988-2021 Queen's University at Kingston
Compiling Q1.txl ...
Parsing MakeCgrammar/10_input.c ...
Transforming ...
int main ()
{
    int mark;
    char pass;
    scanf ("%d", &mark);
    if (mark > 40)
        pass = 'y';
    else
        pass = 'n';
    return 0;
}
PS C:\Users\Administrator\Downloads\Assign-1-Materials-1\Assign-1-Materials> txl Q1.txl MakeCgrammar/11_input.c
TXL v10.8a (8.6.21) (c) 1988-2021 Queen's University at Kingston
Compiling Q1.txl ...
Parsing MakeCgrammar/11_input.c ...
Transforming ...
int main ()
{
    int mark;
    char pass;
    scanf ("%d", &mark);
    if (mark > 40)
    {
        pass = 'y';
        printf ("You passed");
    }
    else
    {
        pass = 'n';
        printf ("You failed");
    }
    return 0;
}
PS C:\Users\Administrator\Downloads\Assign-1-Materials-1\Assign-1-Materials> txl Q1.txl MakeCgrammar/12_input.c
TXL v10.8a (8.6.21) (c) 1988-2021 Queen's University at Kingston
Compiling Q1.txl ...
Parsing MakeCgrammar/12_input.c ...
Transforming ...
int main ()
{
    int a, b;
    scanf ("%d", &a);
    scanf ("%d", &b);
    if (a > 0 && b > 0)
        printf ("Both numbers are positive\n");
    if (a == 0 || b == 0)
        printf ("At least one of the numbers = 0\n");
    if (! (a > 0) && ! (b > 0))
        printf ("Both numbers are negative\n");
    return 0;
}
PS C:\Users\Administrator\Downloads\Assign-1-Materials-1\Assign-1-Materials> txl Q1.txl MakeCgrammar/13_input.c
TXL v10.8a (8.6.21) (c) 1988-2021 Queen's University at Kingston
Compiling Q1.txl ...
Parsing MakeCgrammar/13_input.c ...
Transforming ...
int main ()
{
    char fruit;
    printf ("Which one is your favourite fruit:\n");
    printf ("a) Apples\n");
    printf ("b) Bananas\n");
    printf ("c) Cherries\n");
    scanf ("%c", &fruit);
    switch (fruit)
    {
        case 'a' :
            printf ("You like apples\n");
            break;
        case 'b' :
            printf ("You like bananas\n");
            break;
        case 'c' :
            printf ("You like cherries\n");
            break;
        default :
            printf ("You entered an invalid choice\n");
    }
    return 0;
}
PS C:\Users\Administrator\Downloads\Assign-1-Materials-1\Assign-1-Materials> txl Q1.txl MakeCgrammar/14_input.c
TXL v10.8a (8.6.21) (c) 1988-2021 Queen's University at Kingston
Compiling Q1.txl ...
Parsing MakeCgrammar/14_input.c ...
Transforming ...
int main ()
{
    int i;
    for (i = 1; i <= 24; i++)
        printf ("H\n");
    return 0;
}
PS C:\Users\Administrator\Downloads\Assign-1-Materials-1\Assign-1-Materials> txl Q1.txl MakeCgrammar/15_input.c
TXL v10.8a (8.6.21) (c) 1988-2021 Queen's University at Kingston
Compiling Q1.txl ...
Parsing MakeCgrammar/15_input.c ...
Transforming ...
int main ()
{
    int i, times;
    scanf ("%d", &times);
    i = 0;
    while (i <= times)
    {
        i++;
        printf ("%d\n", i);
    }
    return 0;
}
PS C:\Users\Administrator\Downloads\Assign-1-Materials-1\Assign-1-Materials> txl Q1.txl MakeCgrammar/16_input.c
TXL v10.8a (8.6.21) (c) 1988-2021 Queen's University at Kingston
Compiling Q1.txl ...
Parsing MakeCgrammar/16_input.c ...
[MakeCgrammar/16_input.c, Q1.txl] : TXL0192E line 7 of MakeCgrammar/16_input.c - Syntax error at or near:
        i = 0 ; do >>> { <<< i++ ; printf ( "%d\n"
PS C:\Users\Administrator\Downloads\Assign-1-Materials-1\Assign-1-Materials> txl Q1.txl MakeCgrammar/17_input.c
TXL v10.8a (8.6.21) (c) 1988-2021 Queen's University at Kingston
Compiling Q1.txl ...
Parsing MakeCgrammar/17_input.c ...
Transforming ...
int main ()
{
    int i;
    while (i < 10)
    {
        i++;
        if (i == 5)
            break;
    }
    return 0;
}
PS C:\Users\Administrator\Downloads\Assign-1-Materials-1\Assign-1-Materials> txl Q1.txl MakeCgrammar/18_input.c
TXL v10.8a (8.6.21) (c) 1988-2021 Queen's University at Kingston
Compiling Q1.txl ...
Parsing MakeCgrammar/18_input.c ...
Transforming ...
#include<stdio.h>

int main ()
{
    int i;
    while (i < 10)
    {
        i++;
        continue;
        printf ("Hello\n");
    }
    return 0;
}
PS C:\Users\Administrator\Downloads\Assign-1-Materials-1\Assign-1-Materials>